// Jest Snapshot v1, https://goo.gl/fbAQLP

exports[`List.vue has same HTML structure 1`] = `
<ul>
    <li>item one</li>
    <li>item two</li>
</ul>
`;

exports[`List.vue has the same HTML structure 1`] = `
<ul>
    <li>foo</li>
    <li>bar</li>
    <li>baz</li>
</ul>
`;
